[    0.000000] Initializing cgroup subsys cpuset
[    0.000000] Initializing cgroup subsys cpu
[    0.000000] Initializing cgroup subsys cpuacct
[    0.000000] Linux version 4.4.0-159-generic (buildd@lgw01-amd64-042) (gcc version 5.4.0 20160609 (Ubuntu 5.4.0-6ubuntu1~16.04.10) ) #187-Ubuntu SMP Thu Aug 1 16:28:06 UTC 2019 (Ubuntu 4.4.0-159.187-generic 4.4.185)
[    0.000000] Command line: BOOT_IMAGE=/boot/vmlinuz-4.4.0-159-generic root=LABEL=cloudimg-rootfs ro console=tty1 console=ttyS0
[    0.000000] KERNEL supported cpus:
[    0.000000]   Intel GenuineIntel
[    0.000000]   AMD AuthenticAMD
[    0.000000]   Centaur CentaurHauls
[    0.000000] x86/fpu: xstate_offset[2]:  576, xstate_sizes[2]:  256
[    0.000000] x86/fpu: Supporting XSAVE feature 0x01: 'x87 floating point registers'
[    0.000000] x86/fpu: Supporting XSAVE feature 0x02: 'SSE registers'
[    0.000000] x86/fpu: Supporting XSAVE feature 0x04: 'AVX registers'
[    0.000000] x86/fpu: Enabled xstate features 0x7, context size is 832 bytes, using 'standard' format.
[    0.000000] e820: BIOS-provided physical RAM map:
[    0.000000] BIOS-e820: [mem 0x0000000000000000-0x000000000009fbff] usable
[    0.000000] BIOS-e820: [mem 0x000000000009fc00-0x000000000009ffff] reserved
[    0.000000] BIOS-e820: [mem 0x00000000000f0000-0x00000000000fffff] reserved
[    0.000000] BIOS-e820: [mem 0x0000000000100000-0x000000003ffeffff] usable
[    0.000000] BIOS-e820: [mem 0x000000003fff0000-0x000000003fffffff] ACPI data
[    0.000000] BIOS-e820: [mem 0x00000000fec00000-0x00000000fec00fff] reserved
[    0.000000] BIOS-e820: [mem 0x00000000fee00000-0x00000000fee00fff] reserved
[    0.000000] BIOS-e820: [mem 0x00000000fffc0000-0x00000000ffffffff] reserved
[    0.000000] NX (Execute Disable) protection: active
[    0.000000] SMBIOS 2.5 present.
[    0.000000] Hypervisor detected: KVM
[    0.000000] e820: last_pfn = 0x3fff0 max_arch_pfn = 0x400000000
[    0.000000] MTRR: Disabled
[    0.000000] x86/PAT: MTRRs disabled, skipping PAT initialization too.
[    0.000000] CPU MTRRs all blank - virtualized system.
[    0.000000] x86/PAT: Configuration [0-7]: WB  WT  UC- UC  WB  WT  UC- UC  
[    0.000000] found SMP MP-table at [mem 0x0009fff0-0x0009ffff] mapped at [ffff88000009fff0]
[    0.000000] Scanning 1 areas for low memory corruption
[    0.000000] RAMDISK: [mem 0x362f8000-0x37173fff]
[    0.000000] ACPI: Early table checksum verification disabled
[    0.000000] ACPI: RSDP 0x00000000000E0000 000024 (v02 VBOX  )
[    0.000000] ACPI: XSDT 0x000000003FFF0030 00003C (v01 VBOX   VBOXXSDT 00000001 ASL  00000061)
[    0.000000] ACPI: FACP 0x000000003FFF00F0 0000F4 (v04 VBOX   VBOXFACP 00000001 ASL  00000061)
[    0.000000] ACPI: DSDT 0x000000003FFF0470 0022EA (v02 VBOX   VBOXBIOS 00000002 INTL 20180105)
[    0.000000] ACPI: FACS 0x000000003FFF0200 000040
[    0.000000] ACPI: FACS 0x000000003FFF0200 000040
[    0.000000] ACPI: APIC 0x000000003FFF0240 00005C (v02 VBOX   VBOXAPIC 00000001 ASL  00000061)
[    0.000000] ACPI: SSDT 0x000000003FFF02A0 0001CC (v01 VBOX   VBOXCPUT 00000002 INTL 20180105)
[    0.000000] No NUMA configuration found
[    0.000000] Faking a node at [mem 0x0000000000000000-0x000000003ffeffff]
[    0.000000] NODE_DATA(0) allocated [mem 0x3ffeb000-0x3ffeffff]
[    0.000000] kvm-clock: Using msrs 4b564d01 and 4b564d00
[    0.000000] kvm-clock: cpu 0, msr 0:3ffe3001, primary cpu clock
[    0.000000] kvm-clock: using sched offset of 3224048319 cycles
[    0.000000] clocksource: kvm-clock: mask: 0xffffffffffffffff max_cycles: 0x1cd42e4dffb, max_idle_ns: 881590591483 ns
[    0.000000] Zone ranges:
[    0.000000]   DMA      [mem 0x0000000000001000-0x0000000000ffffff]
[    0.000000]   DMA32    [mem 0x0000000001000000-0x000000003ffeffff]
[    0.000000]   Normal   empty
[    0.000000]   Device   empty
[    0.000000] Movable zone start for each node
[    0.000000] Early memory node ranges
[    0.000000]   node   0: [mem 0x0000000000001000-0x000000000009efff]
[    0.000000]   node   0: [mem 0x0000000000100000-0x000000003ffeffff]
[    0.000000] Initmem setup node 0 [mem 0x0000000000001000-0x000000003ffeffff]
[    0.000000] ACPI: PM-Timer IO Port: 0x4008
[    0.000000] IOAPIC[0]: apic_id 2, version 32, address 0xfec00000, GSI 0-23
[    0.000000] ACPI: INT_SRC_OVR (bus 0 bus_irq 0 global_irq 2 dfl dfl)
[    0.000000] ACPI: INT_SRC_OVR (bus 0 bus_irq 9 global_irq 9 low level)
[    0.000000] Using ACPI (MADT) for SMP configuration information
[    0.000000] smpboot: Allowing 2 CPUs, 0 hotplug CPUs
[    0.000000] PM: Registered nosave memory: [mem 0x00000000-0x00000fff]
[    0.000000] PM: Registered nosave memory: [mem 0x0009f000-0x0009ffff]
[    0.000000] PM: Registered nosave memory: [mem 0x000a0000-0x000effff]
[    0.000000] PM: Registered nosave memory: [mem 0x000f0000-0x000fffff]
[    0.000000] e820: [mem 0x40000000-0xfebfffff] available for PCI devices
[    0.000000] Booting paravirtualized kernel on KVM
[    0.000000] clocksource: refined-jiffies: mask: 0xffffffff max_cycles: 0xffffffff, max_idle_ns: 7645519600211568 ns
[    0.000000] setup_percpu: NR_CPUS:512 nr_cpumask_bits:512 nr_cpu_ids:2 nr_node_ids:1
[    0.000000] PERCPU: Embedded 34 pages/cpu @ffff88003fc00000 s99544 r8192 d31528 u1048576
[    0.000000] Built 1 zonelists in Node order, mobility grouping on.  Total pages: 257912
[    0.000000] Policy zone: DMA32
[    0.000000] Kernel command line: BOOT_IMAGE=/boot/vmlinuz-4.4.0-159-generic root=LABEL=cloudimg-rootfs ro console=tty1 console=ttyS0
[    0.000000] PID hash table entries: 4096 (order: 3, 32768 bytes)
[    0.000000] Memory: 997724K/1048120K available (8618K kernel code, 1335K rwdata, 4032K rodata, 1488K init, 1284K bss, 50396K reserved, 0K cma-reserved)
[    0.000000] SLUB: HWalign=64, Order=0-3, MinObjects=0, CPUs=2, Nodes=1
[    0.000000] Kernel/User page tables isolation: enabled
[    0.000000] Hierarchical RCU implementation.
[    0.000000] 	Build-time adjustment of leaf fanout to 64.
[    0.000000] 	RCU restricting CPUs from NR_CPUS=512 to nr_cpu_ids=2.
[    0.000000] RCU: Adjusting geometry for rcu_fanout_leaf=64, nr_cpu_ids=2
[    0.000000] NR_IRQS:33024 nr_irqs:440 16
[    0.000000] Console: colour VGA+ 80x25
[    0.000000] console [tty1] enabled
[    0.000000] console [ttyS0] enabled
[    0.000000] tsc: Detected 2807.998 MHz processor
[    0.093553] Calibrating delay loop (skipped) preset value.. 5615.99 BogoMIPS (lpj=11231992)
[    0.094706] pid_max: default: 32768 minimum: 301
[    0.095374] ACPI: Core revision 20150930
[    0.096570] ACPI: 2 ACPI AML tables successfully acquired and loaded
[    0.097470] Security Framework initialized
[    0.098033] Yama: becoming mindful.
[    0.098548] AppArmor: AppArmor initialized
[    0.099170] Dentry cache hash table entries: 131072 (order: 8, 1048576 bytes)
[    0.100465] Inode-cache hash table entries: 65536 (order: 7, 524288 bytes)
[    0.101361] Mount-cache hash table entries: 2048 (order: 2, 16384 bytes)
[    0.102171] Mountpoint-cache hash table entries: 2048 (order: 2, 16384 bytes)
[    0.103119] Initializing cgroup subsys io
[    0.103679] Initializing cgroup subsys memory
[    0.104271] Initializing cgroup subsys devices
[    0.104868] Initializing cgroup subsys freezer
[    0.105488] Initializing cgroup subsys net_cls
[    0.106085] Initializing cgroup subsys perf_event
[    0.106706] Initializing cgroup subsys net_prio
[    0.107314] Initializing cgroup subsys hugetlb
[    0.107910] Initializing cgroup subsys pids
[    0.109473] mce: CPU supports 0 MCE banks
[    0.110045] Last level iTLB entries: 4KB 128, 2MB 8, 4MB 8
[    0.110737] Last level dTLB entries: 4KB 64, 2MB 0, 4MB 0, 1GB 4
[    0.111482] Spectre V1 : Mitigation: usercopy/swapgs barriers and __user pointer sanitization
[    0.112600] Spectre V2 : Mitigation: Full generic retpoline
[    0.113301] Spectre V2 : Spectre v2 / SpectreRSB mitigation: Filling RSB on context switch
[    0.114420] Speculative Store Bypass: Vulnerable
[    0.115091] MDS: Mitigation: Clear CPU buffers
[    0.117902] Freeing SMP alternatives memory: 36K
[    0.123046] ftrace: allocating 32318 entries in 127 pages
[    0.168661] smpboot: APIC(0) Converting physical 0 to logical package 0
[    0.169485] smpboot: Max logical packages: 1
[    0.170245] x2apic enabled
[    0.170848] Switched APIC routing to physical x2apic.
[    0.172336] ..TIMER: vector=0x30 apic1=0 pin1=2 apic2=-1 pin2=-1
[    0.277544] smpboot: CPU0: Intel(R) Core(TM) i5-8400 CPU @ 2.80GHz (family: 0x6, model: 0x9e, stepping: 0xa)
[    0.278990] Performance Events: unsupported p6 CPU model 158 no PMU driver, software events only.
[    0.288065] KVM setup paravirtual spinlock
[    0.289149] x86: Booting SMP configuration:
[    0.289729] .... node  #0, CPUs:      #1
[    0.290371] kvm-clock: cpu 1, msr 0:3ffe3041, secondary cpu clock
[    0.291867] mce: CPU supports 0 MCE banks
[    0.294205] x86: Booted up 1 node, 2 CPUs
[    0.294914] smpboot: Total of 2 processors activated (11231.99 BogoMIPS)
[    0.295997] devtmpfs: initialized
[    0.297857] evm: security.selinux
[    0.298374] evm: security.SMACK64
[    0.298868] evm: security.SMACK64EXEC
[    0.299403] evm: security.SMACK64TRANSMUTE
[    0.299970] evm: security.SMACK64MMAP
[    0.300498] evm: security.ima
[    0.300959] evm: security.capability
[    0.301619] clocksource: jiffies: mask: 0xffffffff max_cycles: 0xffffffff, max_idle_ns: 7645041785100000 ns
[    0.302907] futex hash table entries: 512 (order: 3, 32768 bytes)
[    0.303760] pinctrl core: initialized pinctrl subsystem
[    0.304507] RTC time: 10:44:56, date: 08/30/19
[    0.305247] NET: Registered protocol family 16
[    0.314170] cpuidle: using governor ladder
[    0.326477] cpuidle: using governor menu
[    0.327048] PCCT header not found.
[    0.327591] ACPI: bus type PCI registered
[    0.328154] acpiphp: ACPI Hot Plug PCI Controller Driver version: 0.5
[    0.329015] PCI: Using configuration type 1 for base access
[    0.339206] ACPI: Added _OSI(Module Device)
[    0.339789] ACPI: Added _OSI(Processor Device)
[    0.340390] ACPI: Added _OSI(3.0 _SCP Extensions)
[    0.341016] ACPI: Added _OSI(Processor Aggregator Device)
[    0.342193] ACPI: Executed 1 blocks of module-level executable AML code
[    0.344489] ACPI: Interpreter enabled
[    0.345027] ACPI: (supports S0 S5)
[    0.346119] ACPI: Using IOAPIC for interrupt routing
[    0.346880] PCI: Using host bridge windows from ACPI; if necessary, use "pci=nocrs" and report a bug
[    0.350481] ACPI: PCI Root Bridge [PCI0] (domain 0000 [bus 00-ff])
[    0.351263] acpi PNP0A03:00: _OSC: OS supports [ASPM ClockPM Segments MSI]
[    0.352316] acpi PNP0A03:00: _OSC: not requesting OS control; OS requires [ExtendedConfig ASPM ClockPM MSI]
[    0.353565] acpi PNP0A03:00: fail to add MMCONFIG information, can't access extended PCI configuration space under this bridge.
[    0.355180] PCI host bridge to bus 0000:00
[    0.355751] pci_bus 0000:00: root bus resource [io  0x0000-0x0cf7 window]
[    0.356574] pci_bus 0000:00: root bus resource [io  0x0d00-0xffff window]
[    0.357396] pci_bus 0000:00: root bus resource [mem 0x000a0000-0x000bffff window]
[    0.358449] pci_bus 0000:00: root bus resource [mem 0x40000000-0xfdffffff window]
[    0.359488] pci_bus 0000:00: root bus resource [bus 00-ff]
[    0.361322] pci 0000:00:01.1: legacy IDE quirk: reg 0x10: [io  0x01f0-0x01f7]
[    0.362179] pci 0000:00:01.1: legacy IDE quirk: reg 0x14: [io  0x03f6]
[    0.363001] pci 0000:00:01.1: legacy IDE quirk: reg 0x18: [io  0x0170-0x0177]
[    0.363857] pci 0000:00:01.1: legacy IDE quirk: reg 0x1c: [io  0x0376]
[    0.380849] pci 0000:00:07.0: quirk: [io  0x4000-0x403f] claimed by PIIX4 ACPI
[    0.381870] pci 0000:00:07.0: quirk: [io  0x4100-0x410f] claimed by PIIX4 SMB
[    0.385548] ACPI: PCI Interrupt Link [LNKA] (IRQs 5 9 10 *11)
[    0.386767] ACPI: PCI Interrupt Link [LNKB] (IRQs 5 9 *10 11)
[    0.387815] ACPI: PCI Interrupt Link [LNKC] (IRQs 5 *9 10 11)
[    0.388846] ACPI: PCI Interrupt Link [LNKD] (IRQs 5 9 10 *11)
[    0.389905] ACPI: Enabled 2 GPEs in block 00 to 07
[    0.390840] vgaarb: setting as boot device: PCI:0000:00:02.0
[    0.391569] vgaarb: device added: PCI:0000:00:02.0,decodes=io+mem,owns=io+mem,locks=none
[    0.392656] vgaarb: loaded
[    0.393092] vgaarb: bridge control possible 0000:00:02.0
[    0.393951] SCSI subsystem initialized
[    0.394623] ACPI: bus type USB registered
[    0.395232] usbcore: registered new interface driver usbfs
[    0.395942] usbcore: registered new interface driver hub
[    0.396639] usbcore: registered new device driver usb
[    0.397582] PCI: Using ACPI for IRQ routing
[    0.398364] NetLabel: Initializing
[    0.398894] NetLabel:  domain hash size = 128
[    0.399499] NetLabel:  protocols = UNLABELED CIPSOv4
[    0.400466] NetLabel:  unlabeled traffic allowed by default
[    0.401322] amd_nb: Cannot enumerate AMD northbridges
[    0.402047] clocksource: Switched to clocksource kvm-clock
[    0.407170] AppArmor: AppArmor Filesystem Enabled
[    0.407848] pnp: PnP ACPI init
[    0.408843] pnp: PnP ACPI: found 3 devices
[    0.416878] clocksource: acpi_pm: mask: 0xffffff max_cycles: 0xffffff, max_idle_ns: 2085701024 ns
[    0.418072] NET: Registered protocol family 2
[    0.418803] TCP established hash table entries: 8192 (order: 4, 65536 bytes)
[    0.419700] TCP bind hash table entries: 8192 (order: 5, 131072 bytes)
[    0.420509] TCP: Hash tables configured (established 8192 bind 8192)
[    0.421304] UDP hash table entries: 512 (order: 2, 16384 bytes)
[    0.422049] UDP-Lite hash table entries: 512 (order: 2, 16384 bytes)
[    0.422880] NET: Registered protocol family 1
[    0.423489] pci 0000:00:00.0: Limiting direct PCI/PCI transfers
[    0.424248] pci 0000:00:01.0: Activating ISA DMA hang workarounds
[    0.425093] Unpacking initramfs...
[    0.576405] Freeing initrd memory: 14832K
[    0.577240] clocksource: tsc: mask: 0xffffffffffffffff max_cycles: 0x2879c456dd4, max_idle_ns: 440795285767 ns
[    0.578552] platform rtc_cmos: registered platform RTC device (no PNP device found)
[    0.579675] Scanning for low memory corruption every 60 seconds
[    0.580714] audit: initializing netlink subsys (disabled)
[    0.581428] audit: type=2000 audit(1567161901.810:1): initialized
[    0.582385] Initialise system trusted keyring
[    0.583251] HugeTLB registered 2 MB page size, pre-allocated 0 pages
[    0.584958] zbud: loaded
[    0.585669] VFS: Disk quotas dquot_6.6.0
[    0.586255] VFS: Dquot-cache hash table entries: 512 (order 0, 4096 bytes)
[    0.587288] squashfs: version 4.0 (2009/01/31) Phillip Lougher
[    0.588261] fuse init (API version 7.23)
[    0.588911] Key type big_key registered
[    0.589474] Allocating IMA MOK and blacklist keyrings.
[    0.590858] Key type asymmetric registered
[    0.591447] Asymmetric key parser 'x509' registered
[    0.592122] Block layer SCSI generic (bsg) driver version 0.4 loaded (major 249)
[    0.593179] io scheduler noop registered
[    0.593737] io scheduler deadline registered (default)
[    0.594449] io scheduler cfq registered
[    0.595055] pci_hotplug: PCI Hot Plug PCI Core version: 0.5
[    0.595769] pciehp: PCI Express Hot Plug Controller Driver version: 0.4
[    0.596660] ACPI: AC Adapter [AC] (on-line)
[    0.597279] input: Power Button as /devices/LNXSYSTM:00/LNXPWRBN:00/input/input0
[    0.598310] ACPI: Power Button [PWRF]
[    0.598902] input: Sleep Button as /devices/LNXSYSTM:00/LNXSLPBN:00/input/input1
[    0.599932] ACPI: Sleep Button [SLPF]
[    0.600608] GHES: HEST is not enabled!
[    0.601215] Serial: 8250/16550 driver, 32 ports, IRQ sharing enabled
[    0.622345] 00:02: ttyS0 at I/O 0x3f8 (irq = 4, base_baud = 115200) is a 16550A
[    0.629188] Linux agpgart interface v0.103
[    0.630986] loop: module loaded
[    0.631855] scsi host0: ata_piix
[    0.632468] scsi host1: ata_piix
[    0.632980] ata1: PATA max UDMA/33 cmd 0x1f0 ctl 0x3f6 bmdma 0xd000 irq 14
[    0.633817] ata2: PATA max UDMA/33 cmd 0x170 ctl 0x376 bmdma 0xd008 irq 15
[    0.634904] libphy: Fixed MDIO Bus: probed
[    0.635480] tun: Universal TUN/TAP device driver, 1.6
[    0.636139] tun: (C) 1999-2004 Max Krasnyansky <maxk@qualcomm.com>
[    0.636931] PPP generic driver version 2.4.2
[    0.637557] ehci_hcd: USB 2.0 'Enhanced' Host Controller (EHCI) Driver
[    0.638395] ehci-pci: EHCI PCI platform driver
[    0.639009] ehci-platform: EHCI generic platform driver
[    0.639691] ohci_hcd: USB 1.1 'Open' Host Controller (OHCI) Driver
[    0.640459] ohci-pci: OHCI PCI platform driver
[    0.641067] ohci-platform: OHCI generic platform driver
[    0.641765] uhci_hcd: USB Universal Host Controller Interface driver
[    0.642603] i8042: PNP: PS/2 Controller [PNP0303:PS2K,PNP0f03:PS2M] at 0x60,0x64 irq 1,12
[    0.644107] serio: i8042 KBD port at 0x60,0x64 irq 1
[    0.644763] serio: i8042 AUX port at 0x60,0x64 irq 12
[    0.645491] mousedev: PS/2 mouse device common for all mice
[    0.646499] rtc_cmos rtc_cmos: rtc core: registered rtc_cmos as rtc0
[    0.647358] rtc_cmos rtc_cmos: alarms up to one day, 114 bytes nvram
[    0.648187] input: AT Translated Set 2 keyboard as /devices/platform/i8042/serio0/input/input2
[    0.649361] i2c /dev entries driver
[    0.649983] device-mapper: uevent: version 1.0.3
[    0.650665] device-mapper: ioctl: 4.34.0-ioctl (2015-10-28) initialised: dm-devel@redhat.com
[    0.651805] ledtrig-cpu: registered to indicate activity on CPUs
[    0.652839] NET: Registered protocol family 10
[    0.653613] NET: Registered protocol family 17
[    0.654224] Key type dns_resolver registered
[    0.654975] registered taskstats version 1
[    0.655565] Loading compiled-in X.509 certificates
[    0.656608] Loaded X.509 cert 'Build time autogenerated kernel key: d14182f9795b80ec340f636a5a08bf5817ccd8e7'
[    0.657881] zswap: loaded using pool lzo/zbud
[    0.659755] Key type trusted registered
[    0.662578] Key type encrypted registered
[    0.663155] AppArmor: AppArmor sha1 policy hashing enabled
[    0.663861] ima: No TPM chip found, activating TPM-bypass!
[    0.664568] ima: Allocated hash algorithm: sha1
[    0.665190] evm: HMAC attrs: 0x1
[    0.665862]   Magic number: 15:12:731
[    0.666471] rtc_cmos rtc_cmos: setting system clock to 2019-08-30 10:44:56 UTC (1567161896)
[    0.667720] BIOS EDD facility v0.16 2004-Jun-25, 0 devices found
[    0.668472] EDD information not available.
[    0.797673] Freeing unused kernel memory: 1488K
[    0.800817] Write protecting the kernel read-only data: 14336k
[    0.806142] Freeing unused kernel memory: 1608K
[    0.809832] Freeing unused kernel memory: 64K
Loading, please wait...
starting version 229
[    0.857709] random: systemd-udevd: uninitialized urandom read (16 bytes read, 3 bits of entropy available)
[    0.859339] random: udevadm: uninitialized urandom read (16 bytes read, 3 bits of entropy available)
[    0.859390] random: udevadm: uninitialized urandom read (16 bytes read, 3 bits of entropy available)
[    0.867625] random: systemd-udevd: uninitialized urandom read (16 bytes read, 3 bits of entropy available)
[    0.870076] random: systemd-udevd: uninitialized urandom read (16 bytes read, 3 bits of entropy available)
[    0.871413] random: udevadm: uninitialized urandom read (16 bytes read, 3 bits of entropy available)
[    0.871463] random: udevadm: uninitialized urandom read (16 bytes read, 3 bits of entropy available)
[    0.871612] random: udevadm: uninitialized urandom read (16 bytes read, 3 bits of entropy available)
[    0.871669] random: udevadm: uninitialized urandom read (16 bytes read, 3 bits of entropy available)
[    0.871725] random: udevadm: uninitialized urandom read (16 bytes read, 3 bits of entropy available)
[    0.907116] e1000: Intel(R) PRO/1000 Network Driver - version 7.3.21-k8-NAPI
[    0.908060] e1000: Copyright (c) 1999-2006 Intel Corporation.
[    0.908885] Fusion MPT base driver 3.04.20
[    0.909504] Copyright (c) 1999-2008 LSI Corporation
[    0.914466] Fusion MPT SPI Host driver 3.04.20
[    0.920830] AVX2 version of gcm_enc/dec engaged.
[    0.921461] AES CTR mode by8 optimization enabled
[    1.116821] input: ImExPS/2 Generic Explorer Mouse as /devices/platform/i8042/serio1/input/input4
[    1.241061] e1000 0000:00:03.0 eth0: (PCI:33MHz:32-bit) 02:6a:5b:40:72:6f
[    1.241955] e1000 0000:00:03.0 eth0: Intel(R) PRO/1000 Network Connection
[    1.243308] mptbase: ioc0: Initiating bringup
[    1.243416] e1000 0000:00:03.0 enp0s3: renamed from eth0
[    1.574552] ioc0: LSI53C1030 A0: Capabilities={Initiator}
[    2.823503] scsi host2: ioc0: LSI53C1030 A0, FwRev=00000000h, Ports=1, MaxQ=256, IRQ=20
[    3.583107] scsi 2:0:0:0: Direct-Access     VBOX     HARDDISK         1.0  PQ: 0 ANSI: 5
[    3.587614] scsi target2:0:0: Beginning Domain Validation
[    3.588751] scsi target2:0:0: Domain Validation skipping write tests
[    3.589535] scsi target2:0:0: Ending Domain Validation
[    3.590239] scsi target2:0:0: asynchronous
[    3.591086] scsi 2:0:1:0: Direct-Access     VBOX     HARDDISK         1.0  PQ: 0 ANSI: 5
[    3.592184] scsi target2:0:1: Beginning Domain Validation
[    3.593313] scsi target2:0:1: Domain Validation skipping write tests
[    3.594098] scsi target2:0:1: Ending Domain Validation
[    3.594813] scsi target2:0:1: asynchronous
[    3.598198] sd 2:0:0:0: [sda] 20971520 512-byte logical blocks: (10.7 GB/10.0 GiB)
[    3.606164] sd 2:0:0:0: Attached scsi generic sg0 type 0
[    3.607019] sd 2:0:1:0: [sdb] 20480 512-byte logical blocks: (10.5 MB/10.0 MiB)
[    3.608086] sd 2:0:1:0: Attached scsi generic sg1 type 0
[    3.608946] sd 2:0:1:0: [sdb] Write Protect is off
[    3.608987] sd 2:0:0:0: [sda] Write Protect is off
[    3.610339] sd 2:0:0:0: [sda] Incomplete mode parameter data
[    3.610445] sd 2:0:1:0: [sdb] Incomplete mode parameter data
[    3.610446] sd 2:0:1:0: [sdb] Assuming drive cache: write through
[    3.612626] sd 2:0:0:0: [sda] Assuming drive cache: write through
[    3.623751]  sda: sda1
[    3.625231] sd 2:0:0:0: [sda] Attached SCSI disk
[    3.641371] sd 2:0:1:0: [sdb] Attached SCSI disk
Begin: Loading essential drivers ... [    4.948166] md: linear personality registered for level -1
[    4.950480] md: multipath personality registered for level -4
[    4.952665] md: raid0 personality registered for level 0
[    4.955663] md: raid1 personality registered for level 1
[    5.026122] raid6: sse2x1   gen() 14022 MB/s
[    5.094120] raid6: sse2x1   xor() 10358 MB/s
[    5.162146] raid6: sse2x2   gen() 16304 MB/s
[    5.230136] raid6: sse2x2   xor() 11240 MB/s
[    5.298130] raid6: sse2x4   gen() 19132 MB/s
[    5.366126] raid6: sse2x4   xor() 13026 MB/s
[    5.434119] raid6: avx2x1   gen() 27621 MB/s
[    5.502121] raid6: avx2x2   gen() 33082 MB/s
[    5.570120] raid6: avx2x4   gen() 35382 MB/s
[    5.570752] raid6: using algorithm avx2x4 gen() 35382 MB/s
[    5.571491] raid6: using avx2x2 recovery algorithm
[    5.573071] xor: automatically using best checksumming function:
[    5.631795]    avx       : 73184.000 MB/sec
[    5.633334] async_tx: api initialized (async)
[    5.640230] md: raid6 personality registered for level 6
[    5.640986] md: raid5 personality registered for level 5
[    5.641674] md: raid4 personality registered for level 4
[    5.646824] md: raid10 personality registered for level 10
done.
Begin: Running /scripts/init-premount ... done.
Begin: Mounting root file system ... Begin: Running /scripts/local-top ... done.
Begin: Running /scripts/local-premount ... [    5.669218] Btrfs loaded
Scanning for Btrfs filesystems
done.
Warning: fsck not present, so skipping root file system
[    5.714844] EXT4-fs (sda1): mounted filesystem with ordered data mode. Opts: (null)
done.
Begin: Running /scripts/local-bottom ... done.
Begin: Running /scripts/init-bottom ... done.
[    6.043072] systemd[1]: systemd 229 running in system mode. (+PAM +AUDIT +SELINUX +IMA +APPARMOR +SMACK +SYSVINIT +UTMP +LIBCRYPTSETUP +GCRYPT +GNUTLS +ACL +XZ -LZ4 +SECCOMP +BLKID +ELFUTILS +KMOD -IDN)
[    6.054134] systemd[1]: Detected virtualization oracle.
[    6.057570] systemd[1]: Detected architecture x86-64.

Welcome to [1mUbuntu 16.04.6 LTS[0m!

[    6.077475] systemd[1]: Set hostname to <ubuntu>.
[    6.088364] systemd[1]: Initializing machine ID from random generator.
[    6.091198] systemd[1]: Installed transient /etc/machine-id file.
[    6.585544] random: nonblocking pool is initialized
[    6.611997] systemd[1]: Listening on udev Kernel Socket.
[[0;32m  OK  [0m] Listening on udev Kernel Socket.
[    6.618319] systemd[1]: Listening on udev Control Socket.
[[0;32m  OK  [0m] Listening on udev Control Socket.
[    6.624639] systemd[1]: Reached target Swap.
[[0;32m  OK  [0m] Reached target Swap.
[    6.630076] systemd[1]: Started Trigger resolvconf update for networkd DNS.
[[0;32m  OK  [0m] Started Trigger resolvconf update for networkd DNS.
[    6.637322] systemd[1]: Listening on /dev/initctl Compatibility Named Pipe.
[[0;32m  OK  [0m] Listening on /dev/initctl Compatibility Named Pipe.
[    6.642360] systemd[1]: Set up automount Arbitrary Executable File Formats File System Automount Point.
[[0;32m  OK  [0m] Set up automount Arbitrary Executab...ats File System Automount Point.
[    6.647832] systemd[1]: Created slice User and Session Slice.
[[0;32m  OK  [0m] Created slice User and Session Slice.
[    6.651020] systemd[1]: Reached target Encrypted Volumes.
[[0;32m  OK  [0m] Reached target Encrypted Volumes.
[    6.654127] systemd[1]: Listening on Syslog Socket.
[[0;32m  OK  [0m] Listening on Syslog Socket.
[    6.657116] systemd[1]: Listening on LVM2 poll daemon socket.
[[0;32m  OK  [0m] Listening on LVM2 poll daemon socket.
[    6.660411] systemd[1]: Started Forward Password Requests to Wall Directory Watch.
[[0;32m  OK  [0m] Started Forward Password Requests to Wall Directory Watch.
[    6.664796] systemd[1]: Listening on LVM2 metadata daemon socket.
[[0;32m  OK  [0m] Listening on LVM2 metadata daemon socket.
[    6.668241] systemd[1]: Listening on Journal Audit Socket.
[[0;32m  OK  [0m] Listening on Journal Audit Socket.
[    6.671368] systemd[1]: Listening on Device-mapper event daemon FIFOs.
[[0;32m  OK  [0m] Listening on Device-mapper event daemon FIFOs.
[    6.674924] systemd[1]: Listening on Journal Socket (/dev/log).
[[0;32m  OK  [0m] Listening on Journal Socket (/dev/log).
[    6.678181] systemd[1]: Reached target System Time Synchronized.
[[0;32m  OK  [0m] Reached target System Time Synchronized.
[    6.681544] systemd[1]: Reached target User and Group Name Lookups.
[[0;32m  OK  [0m] Reached target User and Group Name Lookups.
[    6.685070] systemd[1]: Listening on Journal Socket.
[[0;32m  OK  [0m] Listening on Journal Socket.
[    6.687957] systemd[1]: Created slice System Slice.
[[0;32m  OK  [0m] Created slice System Slice.
[    6.702317] systemd[1]: Starting Journal Service...
         Starting Journal Service...
[    6.704243] systemd[1]: Reached target Slices.
[[0;32m  OK  [0m] Reached target Slices.
[    6.706758] systemd[1]: Mounting Huge Pages File System...
         Mounting Huge Pages File System...
[    6.738344] systemd[1]: Starting Load Kernel Modules...
         Starting Load Kernel Modules...
[    6.741538] systemd[1]: Starting Create list of required static device nodes for the current kernel...
         Starting Create list of required st... nodes for the current kernel...
[    6.746233] systemd[1]: Created slice system-serial\x2dgetty.slice.
[[0;32m  OK  [0m] Created slice system-serial\x2dgetty.slice.
[    6.750351] systemd[1]: Mounting Debug File System...
         Mounting Debug File System...
[    6.755164] systemd[1]: Starting Monitoring of LVM2 mirrors, snapshots etc. using dmeventd or progress polling...
         Starting Monitoring of LVM2 mirrors... dmeventd or progress polling...
[    6.761156] systemd[1]: Starting Set console keymap...
         Starting Set console keymap...
[    6.765119] systemd[1]: Mounting POSIX Message Queue File System...
         Mounting POSIX Message Queue File System...
[    6.768874] systemd[1]: Starting Uncomplicated firewall...
         Starting Uncomplicated firewall...
[    6.772539] systemd[1]: Starting Remount Root and Kernel File Systems...
         Starting Remount Root and Kernel File Systems...
[    6.776435] systemd[1]: Starting Nameserver information manager...
         Starting Nameserver information manager...
[    6.779949] systemd[1]: Mounted Huge Pages File System.
[[0;32m  OK  [0m] Mounted Huge Pages File System.
[    6.782254] systemd[1]: Mounted POSIX Message Queue File System.
[[0;32m  OK  [0m] Mounted POSIX Message Queue File System.
[    6.784035] systemd[1]: Mounted Debug File System.
[[0;32m  OK  [0m] Mounted Debug File System.
[    6.785873] EXT4-fs (sda1): re-mounted. Opts: (null)
[    6.785997] systemd[1]: Started Create list of required static device nodes for the current kernel.
[[0;32m  OK  [0m] Started Create list of required sta...ce nodes for the current kernel.
[    6.790629] systemd[1]: Started Uncomplicated firewall.
[[0;32m  OK  [0m] Started Uncomplicated firewall.
[    6.792286] systemd[1]: Started Remount Root and Kernel File Systems.
[[0;32m  OK  [0m] Started Remount Root and Kernel File Systems.
[    6.796830] Loading iSCSI transport class v2.0-870.
[    6.800449] systemd[1]: Started Nameserver information manager.
[[0;32m  OK  [0m] Started Nameserver information manager.
[    6.811449] systemd[1]: Started Journal Service.
[[0;32m  OK  [0m] Started Journal Service.
         Starting Flush Journal to Persistent Storage...
         Starting Load/Save Random Seed...
[    6.823774] iscsi: registered transport (tcp)
         Starting udev Coldplug all Devices...
         Starting Create Static Device Nodes in /dev...
[[0;32m  OK  [0m] Started Set console keymap.
[[0;32m  OK  [0m] Started Load/Save Random Seed.
[[0;32m  OK  [0m] Started udev Coldplug all Devices.
[    6.895951] systemd-journald[367]: Received request to flush runtime journal from PID 1
[[0;32m  OK  [0m] Started Flush Journal to Persistent Storage.
[[0;32m  OK  [0m] Started LVM2 metadata daemon.
[    6.925758] iscsi: registered transport (iser)
[[0;32m  OK  [0m] Started Load Kernel Modules.
         Starting Apply Kernel Variables...
         Mounting FUSE Control File System...
[[0;32m  OK  [0m] Mounted FUSE Control File System.
[[0;32m  OK  [0m] Started Apply Kernel Variables.
[[0;32m  OK  [0m] Started Create Static Device Nodes in /dev.
         Starting udev Kernel Device Manager...
[[0;32m  OK  [0m] Started Monitoring of LVM2 mirrors,...ng dmeventd or progress polling.
[[0;32m  OK  [0m] Reached target Local File Systems (Pre).
[[0;32m  OK  [0m] Reached target Local File Systems.
         Starting Create Volatile Files and Directories...
         Starting Commit a transient machine-id on disk...
         Starting Tell Plymouth To Write Out Runtime Data...
         Starting Initial cloud-init job (pre-networking)...
         Starting Set console font and keymap...
         Starting LSB: AppArmor initialization...
[[0;32m  OK  [0m] Started udev Kernel Device Manager.
[[0;32m  OK  [0m] Started Dispatch Password Requests to Console Directory Watch.
[[0;32m  OK  [0m] Started Create Volatile Files and Directories.
         Starting Update UTMP about System Boot/Shutdown...
[[0;32m  OK  [0m] Started Commit a transient machine-id on disk.
[[0;32m  OK  [0m] Started Update UTMP about System Boot/Shutdown.
[[0;32m  OK  [0m] Started Tell Plymouth To Write Out Runtime Data.
[[0;32m  OK  [0m] Found device /dev/ttyS0.
[[0;32m  OK  [0m] Listening on Load/Save RF Kill Switch Status /dev/rfkill Watch.
[[0;32m  OK  [0m] Started LSB: AppArmor initialization.
[[0;32m  OK  [0m] Started Set console font and keymap.
[[0;32m  OK  [0m] Created slice system-getty.slice.
[    9.033565] cloud-init[484]: Cloud-init v. 19.1-1-gbaa47854-0ubuntu1~16.04.1 running 'init-local' at Fri, 30 Aug 2019 10:45:04 +0000. Up 8.76 seconds.
[[0;32m  OK  [0m] Started Initial cloud-init job (pre-networking).
[[0;32m  OK  [0m] Reached target Network (Pre).
         Starting Raise network interfaces...
[[0;32m  OK  [0m] Started Raise network interfaces.
[[0;32m  OK  [0m] Reached target Network.
         Starting Initial cloud-init job (metadata service crawler)...
[   10.596396] cloud-init[952]: Cloud-init v. 19.1-1-gbaa47854-0ubuntu1~16.04.1 running 'init' at Fri, 30 Aug 2019 10:45:05 +0000. Up 9.54 seconds.
[   10.597645] cloud-init[952]: ci-info: ++++++++++++++++++++++++++++++++++++++Net device info++++++++++++++++++++++++++++++++++++++
[   10.598756] cloud-init[952]: ci-info: +--------+------+----------------------------+---------------+--------+-------------------+
[   10.599863] cloud-init[952]: ci-info: | Device |  Up  |          Address           |      Mask     | Scope  |     Hw-Address    |
[   10.600925] cloud-init[952]: ci-info: +--------+------+----------------------------+---------------+--------+-------------------+
[   10.602021] cloud-init[952]: ci-info: | enp0s3 | True |         10.0.2.15          | 255.255.255.0 | global | 02:6a:5b:40:72:6f |
[   10.603099] cloud-init[952]: ci-info: | enp0s3 | True | fe80::6a:5bff:fe40:726f/64 |       .       |  link  | 02:6a:5b:40:72:6f |
[   10.604212] cloud-init[952]: ci-info: |   lo   | True |         127.0.0.1          |   255.0.0.0   |  host  |         .         |
[   10.605331] cloud-init[952]: ci-info: |   lo   | True |          ::1/128           |       .       |  host  |         .         |
[   10.606409] cloud-init[952]: ci-info: +--------+------+----------------------------+---------------+--------+-------------------+
[   10.607482] cloud-init[952]: ci-info: +++++++++++++++++++++++++++Route IPv4 info++++++++++++++++++++++++++++
[   10.608457] cloud-init[952]: ci-info: +-------+-------------+----------+---------------+-----------+-------+
[   10.609410] cloud-init[952]: ci-info: | Route | Destination | Gateway  |    Genmask    | Interface | Flags |
[   10.610353] cloud-init[952]: ci-info: +-------+-------------+----------+---------------+-----------+-------+
[   10.611293] cloud-init[952]: ci-info: |   0   |   0.0.0.0   | 10.0.2.2 |    0.0.0.0    |   enp0s3  |   UG  |
[   10.612241] cloud-init[952]: ci-info: |   1   |   10.0.2.0  | 0.0.0.0  | 255.255.255.0 |   enp0s3  |   U   |
[   10.613196] cloud-init[952]: ci-info: +-------+-------------+----------+---------------+-----------+-------+
[   10.614138] cloud-init[952]: ci-info: +++++++++++++++++++Route IPv6 info+++++++++++++++++++
[   10.614969] cloud-init[952]: ci-info: +-------+-------------+---------+-----------+-------+
[   10.615798] cloud-init[952]: ci-info: | Route | Destination | Gateway | Interface | Flags |
[   10.616644] cloud-init[952]: ci-info: +-------+-------------+---------+-----------+-------+
[   10.617513] cloud-init[952]: ci-info: |   0   |  fe80::/64  |    ::   |   enp0s3  |   U   |
[   10.618343] cloud-init[952]: ci-info: |   3   |   ff00::/8  |    ::   |   enp0s3  |   U   |
[   10.619171] cloud-init[952]: ci-info: +-------+-------------+---------+-----------+-------+
[   10.620012] cloud-init[952]: Generating public/private rsa key pair.
[   10.620727] cloud-init[952]: Your identification has been saved in /etc/ssh/ssh_host_rsa_key.
[   10.621570] cloud-init[952]: Your public key has been saved in /etc/ssh/ssh_host_rsa_key.pub.
[   10.622425] cloud-init[952]: The key fingerprint is:
[   10.623014] cloud-init[952]: SHA256:NVHcFSEGTtkbRlgkjuqSZsdP4udh/OVcLgu5qipl6J0 root@ubuntu-xenial
[   10.623888] cloud-init[952]: The key's randomart image is:
[   10.624510] cloud-init[952]: +---[RSA 2048]----+
[   10.625076] cloud-init[952]: |          .*XB ++|
[   10.625677] cloud-init[952]: |          =+++o  |
[   10.627645] cloud-init[952]: |         .oo. o  |
[   10.628253] cloud-init[952]: |        .. . .   |
[   10.628882] cloud-init[952]: |    .  .S        |
[   10.629505] cloud-init[952]: |   . o+ .   .    |
[   10.630102] cloud-init[952]: |  . +=.= = o . . |
[   10.630689] cloud-init[952]: |   ooE+ =.o *.o  |
[   10.631267] cloud-init[952]: |    ...o++.o +o. |
[   10.631849] cloud-init[952]: +----[SHA256]-----+
[   10.632474] cloud-init[952]: Generating public/private dsa key pair.
[   10.633273] cloud-init[952]: Your identification has been saved in /etc/ssh/ssh_host_dsa_key.
[   10.634146] cloud-init[952]: Your public key has been saved in /etc/ssh/ssh_host_dsa_key.pub.
[   10.635010] cloud-init[952]: The key fingerprint is:
[   10.635640] cloud-init[952]: SHA256:FeRxBTKb560fFa84hUHlh86l6sBkzQbjwylqxWV/kDI root@ubuntu-xenial
[   10.636610] cloud-init[952]: The key's randomart image is:
[   10.637261] cloud-init[952]: +---[DSA 1024]----+
[   10.637846] cloud-init[952]: |         .* ++o  |
[   10.638423] cloud-init[952]: |         . X o . |
[   10.639002] cloud-init[952]: |          E = o.o|
[   10.639781] cloud-init[952]: |       . * % B +o|
[   10.648529] cloud-init[952]: |        S B B B o|
[   10.649361] cloud-init[952]: |       o = o * o |
[   10.650155] cloud-init[952]: |      o   o = o  |
[   10.650874] cloud-init[952]: |     .     o o . |
[   10.657865] cloud-init[952]: |            . .  |
[   10.658550] cloud-init[952]: +----[SHA256]-----+
[   10.659344] cloud-init[952]: Generating public/private ecdsa key pair.
[   10.660142] cloud-init[952]: Your identification has been saved in /etc/ssh/ssh_host_ecdsa_key.
[   10.661108] cloud-init[952]: Your public key has been saved in /etc/ssh/ssh_host_ecdsa_key.pub.
[   10.662050] cloud-init[952]: The key fingerprint is:
[   10.662709] cloud-init[952]: SHA256:Kw/nwrVF61DbCiojwgEzzwIn5Vi6shNBE6ljxBYKYII root@ubuntu-xenial
[   10.668470] cloud-init[952]: The key's randomart image is:
[   10.668641] cloud-init[952]: +---[ECDSA 256]---+
[   10.668990] cloud-init[952]: |B++              |
[[0;32m  OK  [0m] Started Initial cloud-init job (metadata service crawler).
[   10.669116] cloud-init[952]: |EBo              |
[   10.670596] cloud-init[952]: |**.              |
[   10.671132] cloud-init[952]: |%.o       o      |
[   10.671664] cloud-init[952]: |+@      So +     |
[   10.672201] cloud-init[952]: |=.o     +.+ .    |
[   10.672316] cloud-init[952]: |o+.  .ooo* .     |
[   10.672608] cloud-init[952]: |+.. o +*. o      |
[   10.672891] cloud-init[952]: | o . o .o        |
[   10.673195] cloud-init[952]: +----[SHA256]-----+
[   10.673489] cloud-init[952]: Generating public/private ed25519 key pair.
[   10.673787] cloud-init[952]: Your identification has been saved in /etc/ssh/ssh_host_ed25519_key.
[   10.674086] cloud-init[952]: Your public key has been saved in /etc/ssh/ssh_host_ed25519_key.pub.
[   10.674388] cloud-init[952]: The key fingerprint is:
[   10.674645] cloud-init[952]: SHA256:OxtdDDbBx64kNM5nLY1AZrPsXP0pf48CphE0RnouJTo root@ubuntu-xenial
[   10.674938] cloud-init[952]: The key's randomart image is:
[   10.675233] cloud-init[952]: +--[ED25519 256]--+
[   10.675527] cloud-init[952]: |       o*...     |
[   10.675725] cloud-init[952]: |       =Bo.oo    |
[   10.676011] cloud-init[952]: |      o*=+=*.    |
[   10.676312] cloud-init[952]: |     . B=o*++. . |
[   10.676592] cloud-init[952]: |    E . S* o+ o  |
[   10.676878] cloud-init[952]: |     . ..o+. o   |
[   10.677164] cloud-init[952]: |        ++..  . .|
[   10.677443] cloud-init[952]: |        .+  .  o.|
[   10.677739] cloud-init[952]: |        .    .. .|
[   10.678005] cloud-init[952]: +----[SHA256]-----+
[[0;32m  OK  [0m] Reached target Cloud-config availability.
[[0;32m  OK  [0m] Reached target System Initialization.
[[0;32m  OK  [0m] Started Daily apt download activities.
[[0;32m  OK  [0m] Started Daily apt upgrade and clean activities.
         Starting Socket activation for snappy daemon.
[[0;32m  OK  [0m] Listening on D-Bus System Message Bus Socket.
[[0;32m  OK  [0m] Listening on UUID daemon activation socket.
[[0;32m  OK  [0m] Started ACPI Events Check.
[[0;32m  OK  [0m] Reached target Paths.
[[0;32m  OK  [0m] Listening on ACPID Listen Socket.
[[0;32m  OK  [0m] Started Daily Cleanup of Temporary Directories.
[[0;32m  OK  [0m] Reached target Timers.
         Starting LXD - unix socket.
[[0;32m  OK  [0m] Reached target Network is Online.
         Starting iSCSI initiator daemon (iscsid)...
[[0;32m  OK  [0m] Listening on Socket activation for snappy daemon.
[[0;32m  OK  [0m] Listening on LXD - unix socket.
[[0;32m  OK  [0m] Reached target Sockets.
[[0;32m  OK  [0m] Reached target Basic System.
[[0;32m  OK  [0m] Started Deferred execution scheduler.
         Starting LSB: MD monitoring daemon...
[[0;32m  OK  [0m] Started D-Bus System Message Bus.
         Starting Login Service...
[[0;32m  OK  [0m] Started ACPI event daemon.
         Starting LXD - container startup/shutdown...
         Starting Pollinate to seed the pseudo random number generator...
[[0;32m  OK  [0m] Started Regular background program processing daemon.
         Starting Accounts Service...
         Starting System Logging Service...
         Starting Virtualbox guest utils...
         Starting LSB: Record successful boot for GRUB...
         Starting /etc/rc.local Compatibility...
         Starting Snappy daemon...
[[0;32m  OK  [0m] Started FUSE filesystem for LXC.
[[0;32m  OK  [0m] Started /etc/rc.local Compatibility.
[[0;32m  OK  [0m] Started iSCSI initiator daemon (iscsid).
         Starting Login to default iSCSI targets...
[[0;32m  OK  [0m] Started Login Service.
[[0;32m  OK  [0m] Started Unattended Upgrades Shutdown.
[[0;32m  OK  [0m] Started LSB: MD monitoring daemon.
[[0;32m  OK  [0m] Started Login to default iSCSI targets.
[[0;32m  OK  [0m] Reached target Remote File Systems (Pre).
[[0;32m  OK  [0m] Reached target Remote File Systems.
         Starting LSB: Set the CPU Frequency Scaling governor to "ondemand"...
         Starting Permit User Sessions...
         Starting LSB: automatic crash report generation...
         Starting LSB: daemon to balance interrupts for SMP systems...
[[0;32m  OK  [0m] Started LSB: Set the CPU Frequency Scaling governor to "ondemand".
[[0;32m  OK  [0m] Started Permit User Sessions.
         Starting Terminate Plymouth Boot Screen...
         Starting Hold until boot process finishes up...
[[0;32m  OK  [0m] Started System Logging Service.
[[0;32m  OK  [0m] Started Hold until boot process finishes up.
         Starting Set console scheme...
[[0;32m  OK  [0m] Started Getty on tty1.
[[0;32m  OK  [0m] Started Serial Getty on ttyS0.
[[0;32m  OK  [0m] Reached target Login Prompts.
[[0;32m  OK  [0m] Started Terminate Plymouth Boot Screen.
[[0;32m  OK  [0m] Started Set console scheme.
[[0;32m  OK  [0m] Started LSB: daemon to balance interrupts for SMP systems.
[[0;32m  OK  [0m] Started LSB: Record successful boot for GRUB.
[[0;32m  OK  [0m] Started LSB: automatic crash report generation.
         Starting Authenticate and Authorize Users to Run Privileged Tasks...
[[0;32m  OK  [0m] Started Authenticate and Authorize Users to Run Privileged Tasks.
[[0;32m  OK  [0m] Started Virtualbox guest utils.
[[0;32m  OK  [0m] Started Accounts Service.
[[0;32m  OK  [0m] Started LXD - container startup/shutdown.
[[0;32m  OK  [0m] Started Snappy daemon.
         Starting Wait until snapd is fully seeded...
[[0;32m  OK  [0m] Started Pollinate to seed the pseudo random number generator.
         Starting OpenBSD Secure Shell server...
[[0;32m  OK  [0m] Started OpenBSD Secure Shell server.
[[0;32m  OK  [0m] Created slice User Slice of vagrant.
         Starting User Manager for UID 1000...
[[0;32m  OK  [0m] Started Session 1 of user vagrant.
[[0;32m  OK  [0m] Started User Manager for UID 1000.
[[0;32m  OK  [0m] Started Wait until snapd is fully seeded.
         Starting Apply the settings specified in cloud-config...
[[0;32m  OK  [0m] Reached target Multi-User System.
[[0;32m  OK  [0m] Reached target Graphical Interface.
         Starting Update UTMP about System Runlevel Changes...
[[0;32m  OK  [0m] Started Update UTMP about System Runlevel Changes.
[   16.465475] cloud-init[1440]: Generating locales (this might take a while)...
[   17.054836] cloud-init[1440]:   en_US.UTF-8... done
[   17.055306] cloud-init[1440]: Generation complete.

Ubuntu 16.04.6 LTS ubuntu-xenial ttyS0

ubuntu-xenial login: [   17.512217] cloud-init[1440]: Cloud-init v. 19.1-1-gbaa47854-0ubuntu1~16.04.1 running 'modules:config' at Fri, 30 Aug 2019 10:45:12 +0000. Up 16.31 seconds.
ci-info: no authorized ssh keys fingerprints found for user ubuntu.
<14>Aug 30 10:45:13 ec2: 
<14>Aug 30 10:45:13 ec2: #############################################################
<14>Aug 30 10:45:13 ec2: -----BEGIN SSH HOST KEY FINGERPRINTS-----
<14>Aug 30 10:45:13 ec2: 1024 SHA256:FeRxBTKb560fFa84hUHlh86l6sBkzQbjwylqxWV/kDI root@ubuntu-xenial (DSA)
<14>Aug 30 10:45:13 ec2: 256 SHA256:Kw/nwrVF61DbCiojwgEzzwIn5Vi6shNBE6ljxBYKYII root@ubuntu-xenial (ECDSA)
<14>Aug 30 10:45:13 ec2: 256 SHA256:OxtdDDbBx64kNM5nLY1AZrPsXP0pf48CphE0RnouJTo root@ubuntu-xenial (ED25519)
<14>Aug 30 10:45:13 ec2: 2048 SHA256:NVHcFSEGTtkbRlgkjuqSZsdP4udh/OVcLgu5qipl6J0 root@ubuntu-xenial (RSA)
<14>Aug 30 10:45:13 ec2: -----END SSH HOST KEY FINGERPRINTS-----
<14>Aug 30 10:45:13 ec2: #############################################################
-----BEGIN SSH HOST KEY KEYS-----
ecdsa-sha2-nistp256 AAAAE2VjZHNhLXNoYTItbmlzdHAyNTYAAAAIbmlzdHAyNTYAAABBBE1CH2ZPshnaAJVyTLz0PCMtrFp1aI9L2sO3J7T3uIiZlXHzn5hSPOBnDTzYT3hCYoCuzSMJfe9sUL60QCZEWjE= root@ubuntu-xenial
ssh-ed25519 AAAAC3NzaC1lZDI1NTE5AAAAIKOFmMWytZx0obUCMKX16KrITTwrk4yvpG81gu2n1IXA root@ubuntu-xenial
ssh-rsa AAAAB3NzaC1yc2EAAAADAQABAAABAQDo58JusJoC41bd3EWRPn4Z3fpwxDe7SbscVgCmyyvRJnGcBcdfWBgKOcfZ20xEwqCFnsr1M0s4jq9Mzb5WGtWeHf5gZG2hjkggHABWtSWF4iu4SreY6FWgfKo81EkvY7PZbXQBGdOQAiiTLQv6kVxmyVb8P+gmBctn87oe+A+j2gR67rUkF1GnTOaMnlIzqbyF365vudukrl6/nJCqHWkMgmu8cWreP296K15IulUamgirQAjcGzcEaVCozFYyUh4UT7DzYINwhXOUmsYajCnhat1QyraWDZeZ4bAbBr8UmYgLMfTGUyIHp7sTq3dc4GJUX4YzaBsoOp5K9+JZ58nV root@ubuntu-xenial
-----END SSH HOST KEY KEYS-----
[   17.935840] cloud-init[1575]: Cloud-init v. 19.1-1-gbaa47854-0ubuntu1~16.04.1 running 'modules:final' at Fri, 30 Aug 2019 10:45:13 +0000. Up 17.72 seconds.
[   17.936396] cloud-init[1575]: ci-info: no authorized ssh keys fingerprints found for user ubuntu.
[   17.936729] cloud-init[1575]: Cloud-init v. 19.1-1-gbaa47854-0ubuntu1~16.04.1 finished at Fri, 30 Aug 2019 10:45:13 +0000. Datasource DataSourceNoCloud [seed=/dev/sdb][dsmode=net].  Up 17.93 seconds
         Stopping User Manager for UID 1000...
[[0;32m  OK  [0m] Stopped target Graphical Interface.
[[0;32m  OK  [0m] Stopped target Timers.
[[0;32m  OK  [0m] Stopped Daily apt upgrade and clean activities.
         Stopping Session 3 of user vagrant.
         Stopping ACPI event daemon...
[[0;32m  OK  [0m] Stopped target Cloud-init target.
[[0;32m  OK  [0m] Stopped Execute cloud user/final scripts.
[[0;32m  OK  [0m] Stopped Apply the settings specified in cloud-config.
[[0;32m  OK  [0m] Stopped Daily apt download activities.
[[0;32m  OK  [0m] Stopped target System Time Synchronized.
[[0;32m  OK  [0m] Closed Load/Save RF Kill Switch Status /dev/rfkill Watch.
[[0;32m  OK  [0m] Stopped target Cloud-config availability.
         Stopping Authenticate and Authorize Users to Run Privileged Tasks...
[[0;32m  OK  [0m] Stopped Daily Cleanup of Temporary Directories.
         Stopping Accounts Service...
[[0;32m  OK  [0m] Stopped target Multi-User System.
         Stopping vboxadd-service.service...
         Stopping LXD - container startup/shutdown...
         Stopping LSB: automatic crash report generation...
         Stopping Deferred execution scheduler...
         Stopping LSB: Set the CPU Frequency Scaling governor to "ondemand"...
         Stopping LSB: MD monitoring daemon...
         Stopping D-Bus System Message Bus...
         Stopping System Logging Service...
         Stopping Regular background program processing daemon...
[[0;32m  OK  [0m] Stopped Wait until snapd is fully seeded.
         Stopping LSB: Record successful boot for GRUB...
         Stopping FUSE filesystem for LXC...
         Stopping LSB: Apache2 web server...
         Stopping OpenBSD Secure Shell server...
[[0;32m  OK  [0m] Stopped target Login Prompts.
         Stopping Serial Getty on ttyS0...         Stopping Unattended Upgrades Shutdown...
         Stopping LSB: daemon to balance interrupts for SMP systems...
[[0;32m  OK  [0m] Stopped Deferred execution scheduler.
[[0;32m  OK  [0m] Stopped ACPI event daemon.
[[0;32m  OK  [0m] Stopped Regular background program processing daemon.
[[0;32m  OK  [0m] Stopped Getty on tty1.
[[0;32m  OK  [0m] Stopped Accounts Service.
[[0;32m  OK  [0m] Stopped System Logging Service.
[[0;32m  OK  [0m] Stopped Serial Getty on ttyS0.
[[0;32m  OK  [0m] Stopped Authenticate and Authorize Users to Run Privileged Tasks.
[[0;32m  OK  [0m] Stopped OpenBSD Secure Shell server.
[[0;32m  OK  [0m] Stopped User Manager for UID 1000.
[[0;32m  OK  [0m] Stopped Session 3 of user vagrant.
[[0;32m  OK  [0m] Stopped D-Bus System Message Bus.
[[0;32m  OK  [0m] Unmounted /var/lib/lxcfs.
[[0;32m  OK  [0m] Stopped LXD - container startup/shutdown.
[[0;32m  OK  [0m] Stopped FUSE filesystem for LXC.
[[0;32m  OK  [0m] Stopped vboxadd-service.service.
         Stopping vboxadd.service...
[[0;32m  OK  [0m] Removed slice User Slice of vagrant.
[[0;32m  OK  [0m] Removed slice system-serial\x2dgetty.slice.
[[0;32m  OK  [0m] Removed slice system-getty.slice.
         Stopping Permit User Sessions...
[[0;32m  OK  [0m] Stopped /etc/rc.local Compatibility.
[[0;32m  OK  [0m] Stopped LSB: automatic crash report generation.
[[0;32m  OK  [0m] Stopped LSB: Set the CPU Frequency Scaling governor to "ondemand".
[[0;32m  OK  [0m] Stopped LSB: MD monitoring daemon.
[[0;32m  OK  [0m] Stopped LSB: Record successful boot for GRUB.
[[0;32m  OK  [0m] Stopped LSB: daemon to balance interrupts for SMP systems.
[[0;32m  OK  [0m] Stopped Unattended Upgrades Shutdown.
[[0;32m  OK  [0m] Stopped Permit User Sessions.
         Stopping Login Service...
[[0;32m  OK  [0m] Stopped User Manager for UID 1000.
[[0;32m  OK  [0m] Removed slice user-1000.slice.
[[0;32m  OK  [0m] Stopped Login Service.
[[0;32m  OK  [0m] Stopped target User and Group Name Lookups.
[[0;32m  OK  [0m] Unmounted /vagrant.
[[0;32m  OK  [0m] Stopped vboxadd.service.
[[0;32m  OK  [0m] Stopped LSB: Apache2 web server.
[[0;32m  OK  [0m] Stopped target Remote File Systems.
[[0;32m  OK  [0m] Stopped target Remote File Systems (Pre).
         Stopping Login to default iSCSI targets...
[[0;32m  OK  [0m] Stopped target Basic System.
[[0;32m  OK  [0m] Stopped target Paths.
[[0;32m  OK  [0m] Stopped Forward Password Requests to Wall Directory Watch.
[[0;32m  OK  [0m] Stopped ACPI Events Check.
[[0;32m  OK  [0m] Stopped Dispatch Password Requests to Console Directory Watch.
[[0;32m  OK  [0m] Stopped target Slices.
[[0;32m  OK  [0m] Removed slice User and Session Slice.
[[0;32m  OK  [0m] Stopped target Sockets.
[[0;32m  OK  [0m] Closed ACPID Listen Socket.
[[0;32m  OK  [0m] Closed UUID daemon activation socket.
[[0;32m  OK  [0m] Closed Syslog Socket.
[[0;32m  OK  [0m] Closed Socket activation for snappy daemon.
[[0;32m  OK  [0m] Closed LXD - unix socket.
[[0;32m  OK  [0m] Closed D-Bus System Message Bus Socket.
[[0;32m  OK  [0m] Stopped target System Initialization.
[[0;32m  OK  [0m] Stopped target Swap.
         Deactivating swap /swapdir/swapfile...
[[0;32m  OK  [0m] Stopped Commit a transient machine-id on disk.
[[0;32m  OK  [0m] Stopped target Encrypted Volumes.
         Stopping Load/Save Random Seed...
[[0;32m  OK  [0m] Stopped Create Volatile Files and Directories.
[[0;32m  OK  [0m] Deactivated swap /swapdir/swapfile.
[[0;32m  OK  [0m] Stopped Load/Save Random Seed.
[[0;32m  OK  [0m] Stopped Login to default iSCSI targets.
         Stopping iSCSI initiator daemon (iscsid)...
[[0;32m  OK  [0m] Stopped iSCSI initiator daemon (iscsid).
[[0;32m  OK  [0m] Stopped target Network is Online.
[[0;32m  OK  [0m] Stopped Initial cloud-init job (metadata service crawler).
[[0;32m  OK  [0m] Stopped target Network.
         Stopping Raise network interfaces...
[[0;32m  OK  [0m] Stopped Raise network interfaces.
[[0;32m  OK  [0m] Stopped target Local File Systems.
         Unmounting /run/user/1000...
[[0;32m  OK  [0m] Stopped target Network (Pre).
[[0;32m  OK  [0m] Stopped Initial cloud-init job (pre-networking).
[[0;32m  OK  [0m] Stopped Apply Kernel Variables.
[[0;32m  OK  [0m] Stopped Load Kernel Modules.
[[0;32m  OK  [0m] Unmounted /run/user/1000.
[[0;32m  OK  [0m] Reached target Unmount All Filesystems.
[[0;32m  OK  [0m] Stopped target Local File Systems (Pre).
[[0;32m  OK  [0m] Stopped Create Static Device Nodes in /dev.
[[0;32m  OK  [0m] Stopped Remount Root and Kernel File Systems.
[[0;32m  OK  [0m] Reached target Shutdown.
[  194.564598] reboot: Power down
